
> vite_react_shadcn_ts@0.0.0 build
> vite build

[36mvite v5.4.19 [32mbuilding for production...[36m[39m
transforming...
node.exe : Browserslist: 
browsers data (caniuse-lite) is 
8 months old. Please run:
At line:1 char:1
+ & "C:\Program 
Files\nodejs/node.exe" 
"C:\Program 
Files\nodejs/node_mo ...
+ ~~~~~~~~~~~~~~~~~~~~~~~~~~~~~~
~~~~~~~~~~~~~~~~~~~~~~~~~~~~~~~~
~~~~~~~
    + CategoryInfo          : N 
   otSpecified: (Browserslist:  
   b...ld. Please run::String   
 ) [], RemoteException
    + FullyQualifiedErrorId : N 
   ativeCommandError
 
  npx 
update-browserslist-db@latest
  Why you should do it 
regularly: https://github.com/br
owserslist/update-db#readme

[1m[33mwarn[39m[22m - The 
class `ease-[cubic-bezier(0.34,1
.56,0.64,1)]` is ambiguous and 
matches multiple utilities.
[1m[33mwarn[39m[22m - If 
this is content and not a 
class, replace it with `ease-&ls
qb;cubic-bezier(0.34,1.56,0.64,1
)&rsqb;` to silence this 
warning.
[32mΓ£ô[39m 37 modules transformed.
[31mx[39m Build failed in 
7.22s
[31merror during build:
[31m[vite:esbuild] Transform 
failed with 1 error:
F:/Resumes/Data Analyst 
Resume/Data Scientist Resume/Doc
uments/Documents/Journal/src/pag
es/TraderRoom.tsx:729:10: 
ERROR: The symbol "handleJoin" 
has already been declared[31m
file: [36mF:/Resumes/Data 
Analyst Resume/Data Scientist Re
sume/Documents/Documents/Journal
/src/pages/TraderRoom.tsx:729:10
[31m
[33m
[33mThe symbol "handleJoin" 
has already been declared[33m
727|      }, [!!screenStream]);
728|  
729|      const handleJoin = 
async (id?: string) => {
   |            ^
730|          const 
activeMeetingId = id || 
meetingId;
731|          if 
(!activeMeetingId) {
[31m
    at failureErrorWithLog 
(F:\Resumes\Data Analyst 
Resume\Data Scientist Resume\Doc
uments\Documents\Journal\node_mo
dules\esbuild\lib\main.js:1472:1
5)
    at F:\Resumes\Data Analyst 
Resume\Data Scientist Resume\Doc
uments\Documents\Journal\node_mo
dules\esbuild\lib\main.js:755:50
    at 
responseCallbacks.<computed> 
(F:\Resumes\Data Analyst 
Resume\Data Scientist Resume\Doc
uments\Documents\Journal\node_mo
dules\esbuild\lib\main.js:622:9)
    at handleIncomingPacket 
(F:\Resumes\Data Analyst 
Resume\Data Scientist Resume\Doc
uments\Documents\Journal\node_mo
dules\esbuild\lib\main.js:677:12
)
    at Socket.readFromStdout 
(F:\Resumes\Data Analyst 
Resume\Data Scientist Resume\Doc
uments\Documents\Journal\node_mo
dules\esbuild\lib\main.js:600:7)
    at Socket.emit 
(node:events:518:28)
    at addChunk (node:internal/s
treams/readable:561:12)
    at 
readableAddChunkPushByteMode (no
de:internal/streams/readable:512
:3)
    at Readable.push (node:inter
nal/streams/readable:392:5)
    at Pipe.onStreamRead (node:i
nternal/stream_base_commons:189:
23)[39m
