src/pages/TraderRoom.tsx(229,11): error TS2451: Cannot redeclare block-scoped variable 'handleJoin'.
src/pages/TraderRoom.tsx(729,11): error TS2451: Cannot redeclare block-scoped variable 'handleJoin'.
src/pages/TraderRoom.tsx(766,13): error TS2304: Cannot find name 'initializePeer'.
